[baafoo-shutdown] INFO com.baafoo.agent.BaafooAgent - Baafoo Agent stopped
